Archive member included to satisfy reference by file (symbol)

C:/ST/STM32CubeIDE_1.12.0/STM32CubeIDE/plugins/com.st.stm32cube.ide.mcu.externaltools.gnu-tools-for-stm32.11.3.rel1.win32_1.1.1.202309131626/tools/bin/../lib/gcc/arm-none-eabi/11.3.1/../../../../arm-none-eabi/lib/thumb/v7e-m+fp/hard\libc_nano.a(libc_a-exit.o)
                              C:/ST/STM32CubeIDE_1.12.0/STM32CubeIDE/plugins/com.st.stm32cube.ide.mcu.externaltools.gnu-tools-for-stm32.11.3.rel1.win32_1.1.1.202309131626/tools/bin/../lib/gcc/arm-none-eabi/11.3.1/../../../../arm-none-eabi/lib/thumb/v7e-m+fp/hard/crt0.o (exit)
C:/ST/STM32CubeIDE_1.12.0/STM32CubeIDE/plugins/com.st.stm32cube.ide.mcu.externaltools.gnu-tools-for-stm32.11.3.rel1.win32_1.1.1.202309131626/tools/bin/../lib/gcc/arm-none-eabi/11.3.1/../../../../arm-none-eabi/lib/thumb/v7e-m+fp/hard\libc_nano.a(libc_a-findfp.o)
                              C:/ST/STM32CubeIDE_1.12.0/STM32CubeIDE/plugins/com.st.stm32cube.ide.mcu.externaltools.gnu-tools-for-stm32.11.3.rel1.win32_1.1.1.202309131626/tools/bin/../lib/gcc/arm-none-eabi/11.3.1/../../../../arm-none-eabi/lib/thumb/v7e-m+fp/hard\libc_nano.a(libc_a-exit.o) (__stdio_exit_handler)
C:/ST/STM32CubeIDE_1.12.0/STM32CubeIDE/plugins/com.st.stm32cube.ide.mcu.externaltools.gnu-tools-for-stm32.11.3.rel1.win32_1.1.1.202309131626/tools/bin/../lib/gcc/arm-none-eabi/11.3.1/../../../../arm-none-eabi/lib/thumb/v7e-m+fp/hard\libc_nano.a(libc_a-fwalk.o)
                              C:/ST/STM32CubeIDE_1.12.0/STM32CubeIDE/plugins/com.st.stm32cube.ide.mcu.externaltools.gnu-tools-for-stm32.11.3.rel1.win32_1.1.1.202309131626/tools/bin/../lib/gcc/arm-none-eabi/11.3.1/../../../../arm-none-eabi/lib/thumb/v7e-m+fp/hard\libc_nano.a(libc_a-findfp.o) (_fwalk_sglue)
C:/ST/STM32CubeIDE_1.12.0/STM32CubeIDE/plugins/com.st.stm32cube.ide.mcu.externaltools.gnu-tools-for-stm32.11.3.rel1.win32_1.1.1.202309131626/tools/bin/../lib/gcc/arm-none-eabi/11.3.1/../../../../arm-none-eabi/lib/thumb/v7e-m+fp/hard\libc_nano.a(libc_a-stdio.o)
                              C:/ST/STM32CubeIDE_1.12.0/STM32CubeIDE/plugins/com.st.stm32cube.ide.mcu.externaltools.gnu-tools-for-stm32.11.3.rel1.win32_1.1.1.202309131626/tools/bin/../lib/gcc/arm-none-eabi/11.3.1/../../../../arm-none-eabi/lib/thumb/v7e-m+fp/hard\libc_nano.a(libc_a-findfp.o) (__sread)
C:/ST/STM32CubeIDE_1.12.0/STM32CubeIDE/plugins/com.st.stm32cube.ide.mcu.externaltools.gnu-tools-for-stm32.11.3.rel1.win32_1.1.1.202309131626/tools/bin/../lib/gcc/arm-none-eabi/11.3.1/../../../../arm-none-eabi/lib/thumb/v7e-m+fp/hard\libc_nano.a(libc_a-memset.o)
                              C:/ST/STM32CubeIDE_1.12.0/STM32CubeIDE/plugins/com.st.stm32cube.ide.mcu.externaltools.gnu-tools-for-stm32.11.3.rel1.win32_1.1.1.202309131626/tools/bin/../lib/gcc/arm-none-eabi/11.3.1/../../../../arm-none-eabi/lib/thumb/v7e-m+fp/hard/crt0.o (memset)
C:/ST/STM32CubeIDE_1.12.0/STM32CubeIDE/plugins/com.st.stm32cube.ide.mcu.externaltools.gnu-tools-for-stm32.11.3.rel1.win32_1.1.1.202309131626/tools/bin/../lib/gcc/arm-none-eabi/11.3.1/../../../../arm-none-eabi/lib/thumb/v7e-m+fp/hard\libc_nano.a(libc_a-closer.o)
                              C:/ST/STM32CubeIDE_1.12.0/STM32CubeIDE/plugins/com.st.stm32cube.ide.mcu.externaltools.gnu-tools-for-stm32.11.3.rel1.win32_1.1.1.202309131626/tools/bin/../lib/gcc/arm-none-eabi/11.3.1/../../../../arm-none-eabi/lib/thumb/v7e-m+fp/hard\libc_nano.a(libc_a-stdio.o) (_close_r)
C:/ST/STM32CubeIDE_1.12.0/STM32CubeIDE/plugins/com.st.stm32cube.ide.mcu.externaltools.gnu-tools-for-stm32.11.3.rel1.win32_1.1.1.202309131626/tools/bin/../lib/gcc/arm-none-eabi/11.3.1/../../../../arm-none-eabi/lib/thumb/v7e-m+fp/hard\libc_nano.a(libc_a-reent.o)
                              C:/ST/STM32CubeIDE_1.12.0/STM32CubeIDE/plugins/com.st.stm32cube.ide.mcu.externaltools.gnu-tools-for-stm32.11.3.rel1.win32_1.1.1.202309131626/tools/bin/../lib/gcc/arm-none-eabi/11.3.1/../../../../arm-none-eabi/lib/thumb/v7e-m+fp/hard\libc_nano.a(libc_a-closer.o) (errno)
C:/ST/STM32CubeIDE_1.12.0/STM32CubeIDE/plugins/com.st.stm32cube.ide.mcu.externaltools.gnu-tools-for-stm32.11.3.rel1.win32_1.1.1.202309131626/tools/bin/../lib/gcc/arm-none-eabi/11.3.1/../../../../arm-none-eabi/lib/thumb/v7e-m+fp/hard\libc_nano.a(libc_a-impure.o)
                              C:/ST/STM32CubeIDE_1.12.0/STM32CubeIDE/plugins/com.st.stm32cube.ide.mcu.externaltools.gnu-tools-for-stm32.11.3.rel1.win32_1.1.1.202309131626/tools/bin/../lib/gcc/arm-none-eabi/11.3.1/../../../../arm-none-eabi/lib/thumb/v7e-m+fp/hard\libc_nano.a(libc_a-reent.o) (_impure_ptr)
C:/ST/STM32CubeIDE_1.12.0/STM32CubeIDE/plugins/com.st.stm32cube.ide.mcu.externaltools.gnu-tools-for-stm32.11.3.rel1.win32_1.1.1.202309131626/tools/bin/../lib/gcc/arm-none-eabi/11.3.1/../../../../arm-none-eabi/lib/thumb/v7e-m+fp/hard\libc_nano.a(libc_a-lseekr.o)
[...]
Memory Configuration

Name             Origin             Length             Attributes
RAM              0x0000000020000000 0x0000000000020000 xrw
FLASH            0x0000000008000000 0x0000000000080000 xr
*default*        0x0000000000000000 0xffffffffffffffff

Linker script and memory map

LOAD C:/ST/STM32CubeIDE_1.12.0/STM32CubeIDE/plugins/com.st.stm32cube.ide.mcu.externaltools.gnu-tools-for-stm32.11.3.rel1.win32_1.1.1.202309131626/tools/bin/../lib/gcc/arm-none-eabi/11.3.1/thumb/v7e-m+fp/hard/crti.o
LOAD C:/ST/STM32CubeIDE_1.12.0/STM32CubeIDE/plugins/com.st.stm32cube.ide.mcu.externaltools.gnu-tools-for-stm32.11.3.rel1.win32_1.1.1.202309131626/tools/bin/../lib/gcc/arm-none-eabi/11.3.1/thumb/v7e-m+fp/hard/crtbegin.o
LOAD C:/ST/STM32CubeIDE_1.12.0/STM32CubeIDE/plugins/com.st.stm32cube.ide.mcu.externaltools.gnu-tools-for-stm32.11.3.rel1.win32_1.1.1.202309131626/tools/bin/../lib/gcc/arm-none-eabi/11.3.1/../../../../arm-none-eabi/lib/thumb/v7e-m+fp/hard/crt0.o
LOAD ./Src/FPU.o
LOAD ./Src/adc.o
LOAD ./Src/bsp.o
LOAD ./Src/circular_buffer.o
LOAD ./Src/dfplayer_lib.o
LOAD ./Src/main.o
LOAD ./Src/syscalls.o
LOAD ./Src/sysmem.o
LOAD ./Src/timebase.o
LOAD ./Src/uart.o
LOAD ./Startup/startup_stm32f411retx.o
START GROUP
LOAD C:/ST/STM32CubeIDE_1.12.0/STM32CubeIDE/plugins/com.st.stm32cube.ide.mcu.externaltools.gnu-tools-for-stm32.11.3.rel1.win32_1.1.1.202309131626/tools/bin/../lib/gcc/arm-none-eabi/11.3.1/../../../../arm-none-eabi/lib/thumb/v7e-m+fp/hard\libc_nano.a
LOAD C:/ST/STM32CubeIDE_1.12.0/STM32CubeIDE/plugins/com.st.stm32cube.ide.mcu.externaltools.gnu-tools-for-stm32.11.3.rel1.win32_1.1.1.202309131626/tools/bin/../lib/gcc/arm-none-eabi/11.3.1/../../../../arm-none-eabi/lib/thumb/v7e-m+fp/hard\libm.a
END GROUP
START GROUP
LOAD C:/ST/STM32CubeIDE_1.12.0/STM32CubeIDE/plugins/com.st.stm32cube.ide.mcu.externaltools.gnu-tools-for-stm32.11.3.rel1.win32_1.1.1.202309131626/tools/bin/../lib/gcc/arm-none-eabi/11.3.1/thumb/v7e-m+fp/hard\libgcc.a
LOAD C:/ST/STM32CubeIDE_1.12.0/STM32CubeIDE/plugins/com.st.stm32cube.ide.mcu.externaltools.gnu-tools-for-stm32.11.3.rel1.win32_1.1.1.202309131626/tools/bin/../lib/gcc/arm-none-eabi/11.3.1/../../../../arm-none-eabi/lib/thumb/v7e-m+fp/hard\libc_nano.a
END GROUP
START GROUP
LOAD C:/ST/STM32CubeIDE_1.12.0/STM32CubeIDE/plugins/com.st.stm32cube.ide.mcu.externaltools.gnu-tools-for-stm32.11.3.rel1.win32_1.1.1.202309131626/tools/bin/../lib/gcc/arm-none-eabi/11.3.1/thumb/v7e-m+fp/hard\libgcc.a
LOAD C:/ST/STM32CubeIDE_1.12.0/STM32CubeIDE/plugins/com.st.stm32cube.ide.mcu.externaltools.gnu-tools-for-stm32.11.3.rel1.win32_1.1.1.202309131626/tools/bin/../lib/gcc/arm-none-eabi/11.3.1/../../../../arm-none-eabi/lib/thumb/v7e-m+fp/hard\libc_nano.a
LOAD C:/ST/STM32CubeIDE_1.12.0/STM32CubeIDE/plugins/com.st.stm32cube.ide.mcu.externaltools.gnu-tools-for-stm32.11.3.rel1.win32_1.1.1.202309131626/tools/bin/../lib/gcc/arm-none-eabi/11.3.1/../../../../arm-none-eabi/lib/thumb/v7e-m+fp/hard\libnosys.a
END GROUP
START GROUP
LOAD C:/ST/STM32CubeIDE_1.12.0/STM32CubeIDE/plugins/com.st.stm32cube.ide.mcu.externaltools.gnu-tools-for-stm32.11.3.rel1.win32_1.1.1.202309131626/tools/bin/../lib/gcc/arm-none-eabi/11.3.1/thumb/v7e-m+fp/hard\libgcc.a
LOAD C:/ST/STM32CubeIDE_1.12.0/STM32CubeIDE/plugins/com.st.stm32cube.ide.mcu.externaltools.gnu-tools-for-stm32.11.3.rel1.win32_1.1.1.202309131626/tools/bin/../lib/gcc/arm-none-eabi/11.3.1/../../../../arm-none-eabi/lib/thumb/v7e-m+fp/hard\libc_nano.a
LOAD C:/ST/STM32CubeIDE_1.12.0/STM32CubeIDE/plugins/com.st.stm32cube.ide.mcu.externaltools.gnu-tools-for-stm32.11.3.rel1.win32_1.1.1.202309131626/tools/bin/../lib/gcc/arm-none-eabi/11.3.1/../../../../arm-none-eabi/lib/thumb/v7e-m+fp/hard\libnosys.a
END GROUP
LOAD C:/ST/STM32CubeIDE_1.12.0/STM32CubeIDE/plugins/com.st.stm32cube.ide.mcu.externaltools.gnu-tools-for-stm32.11.3.rel1.win32_1.1.1.202309131626/tools/bin/../lib/gcc/arm-none-eabi/11.3.1/thumb/v7e-m+fp/hard/crtend.o
LOAD C:/ST/STM32CubeIDE_1.12.0/STM32CubeIDE/plugins/com.st.stm32cube.ide.mcu.externaltools.gnu-tools-for-stm32.11.3.rel1.win32_1.1.1.202309131626/tools/bin/../lib/gcc/arm-none-eabi/11.3.1/thumb/v7e-m+fp/hard/crtn.o
                0x0000000020020000                _estack = (ORIGIN (RAM) + LENGTH (RAM))
                0x0000000000000200                _Min_Heap_Size = 0x200
                0x0000000000000400                _Min_Stack_Size = 0x400

.isr_vector     0x0000000008000000      0x198
                0x0000000008000000                . = ALIGN (0x4)
 *(.isr_vector)
 .isr_vector    0x0000000008000000      0x198 ./Startup/startup_stm32f411retx.o
                0x0000000008000000                g_pfnVectors
                0x0000000008000198                . = ALIGN (0x4)

.text           0x0000000008000198      0xb00
                0x0000000008000198                . = ALIGN (0x4)
 *(.text)
 .text          0x0000000008000198       0x40 C:/ST/STM32CubeIDE_1.12.0/STM32CubeIDE/plugins/com.st.stm32cube.ide.mcu.externaltools.gnu-tools-for-stm32.11.3.rel1.win32_1.1.1.202309131626/tools/bin/../lib/gcc/arm-none-eabi/11.3.1/thumb/v7e-m+fp/hard/crtbegin.o
 *(.text*)
 .text.fpu_enable
                0x00000000080001d8       0x54 ./Src/FPU.o
                0x00000000080001d8                fpu_enable
 .text.pa1_adc_init
                0x000000000800022c       0x64 ./Src/adc.o
                0x000000000800022c                pa1_adc_init
 .text.led_init
                0x0000000008000290       0x3c ./Src/bsp.o
                0x0000000008000290                led_init
 .text.led_on   0x00000000080002cc       0x20 ./Src/bsp.o
                0x00000000080002cc                led_on
 .text.led_off  0x00000000080002ec       0x20 ./Src/bsp.o
                0x00000000080002ec                led_off
 .text.button_init
                0x000000000800030c       0x3c ./Src/bsp.o
                0x000000000800030c                button_init
 .text.get_btn_state
                0x0000000008000348       0x24 ./Src/bsp.o
                0x0000000008000348                get_btn_state
 .text.circular_buffer_init
                0x000000000800036c       0x64 ./Src/circular_buffer.o
                0x000000000800036c                circular_buffer_init
 .text.buff_store_char
                0x00000000080003d0       0x50 ./Src/circular_buffer.o
 .text.buffer_clear
                0x0000000008000420       0x54 ./Src/circular_buffer.o
                0x0000000008000420                buffer_clear
 .text.buffer_write
                0x0000000008000474       0xd8 ./Src/circular_buffer.o
                0x0000000008000474                buffer_write
 .text.buffer_send_byte
                0x000000000800054c       0x3e ./Src/circular_buffer.o
                0x000000000800054c                buffer_send_byte
 *fill*         0x000000000800058a        0x2 
 .text.slave_dev_uart_callback
                0x000000000800058c       0xa8 ./Src/circular_buffer.o
                0x000000000800058c                slave_dev_uart_callback
 .text.debug_uart_callback
                0x0000000008000634       0xa8 ./Src/circular_buffer.o
                0x0000000008000634                debug_uart_callback
 .text.USART2_IRQHandler
                0x00000000080006dc        0xc ./Src/circular_buffer.o
                0x00000000080006dc                USART2_IRQHandler
 .text.USART1_IRQHandler
                0x00000000080006e8        0xc ./Src/circular_buffer.o
                0x00000000080006e8                USART1_IRQHandler
 .text.deplayer_send_cmd
                0x00000000080006f4       0x82 ./Src/dfplayer_lib.o
                0x00000000080006f4                deplayer_send_cmd
 .text.dfplayer_init
                0x0000000008000776       0x2a ./Src/dfplayer_lib.o
                0x0000000008000776                dfplayer_init
 .text.dfplayer_play_first_track
                0x00000000080007a0       0x1a ./Src/dfplayer_lib.o
                0x00000000080007a0                dfplayer_play_first_track
 .text.dfplayer_play_pause_track
                0x00000000080007ba       0x1a ./Src/dfplayer_lib.o
                0x00000000080007ba                dfplayer_play_pause_track
 .text.main     0x00000000080007d4       0x94 ./Src/main.o
                0x00000000080007d4                main
 .text.delay    0x0000000008000868       0x3c ./Src/timebase.o
                0x0000000008000868                delay
 .text.get_tick
                0x00000000080008a4       0x2c ./Src/timebase.o
                0x00000000080008a4                get_tick
 .text.tick_increment
                0x00000000080008d0       0x1c ./Src/timebase.o
 .text.timebase_init
                0x00000000080008ec       0x48 ./Src/timebase.o
                0x00000000080008ec                timebase_init
 .text.SysTick_Handler
                0x0000000008000934        0xc ./Src/timebase.o
                0x0000000008000934                SysTick_Handler
 .text.__NVIC_EnableIRQ
                0x0000000008000940       0x3c ./Src/uart.o
 .text.debug_uart_int
                0x000000000800097c       0xf0 ./Src/uart.o
                0x000000000800097c                debug_uart_int
 .text.slave_uart_int
                0x0000000008000a6c       0xf0 ./Src/uart.o
                0x0000000008000a6c                slave_uart_int
 .text.compute_uart_bd
                0x0000000008000b5c       0x26 ./Src/uart.o
 *fill*         0x0000000008000b82        0x2 
 .text.uart_set_baudrate
                0x0000000008000b84       0x28 ./Src/uart.o
 .text.slave_uart_set_baudrate
                0x0000000008000bac       0x28 ./Src/uart.o
 .text.Reset_Handler
                0x0000000008000bd4       0x50 ./Startup/startup_stm32f411retx.o
                0x0000000008000bd4                Reset_Handler
 .text.Default_Handler
                0x0000000008000c24        0x2 ./Startup/startup_stm32f411retx.o
                0x0000000008000c24                RTC_Alarm_IRQHandler
                0x0000000008000c24                EXTI2_IRQHandler
                0x0000000008000c24                DebugMon_Handler
                0x0000000008000c24                SPI4_IRQHandler
                0x0000000008000c24                TIM1_CC_IRQHandler
                0x0000000008000c24                DMA2_Stream5_IRQHandler
                0x0000000008000c24                HardFault_Handler
                0x0000000008000c24                DMA1_Stream5_IRQHandler
                0x0000000008000c24                PVD_IRQHandler
                0x0000000008000c24                SDIO_IRQHandler
                0x0000000008000c24                TAMP_STAMP_IRQHandler
                0x0000000008000c24                PendSV_Handler
                0x0000000008000c24                NMI_Handler
                0x0000000008000c24                EXTI3_IRQHandler
                0x0000000008000c24                TIM1_UP_TIM10_IRQHandler
                0x0000000008000c24                I2C3_ER_IRQHandler
                0x0000000008000c24                EXTI0_IRQHandler
                0x0000000008000c24                I2C2_EV_IRQHandler
                0x0000000008000c24                DMA1_Stream2_IRQHandler
                0x0000000008000c24                UsageFault_Handler
                0x0000000008000c24                DMA2_Stream2_IRQHandler
                0x0000000008000c24                SPI1_IRQHandler
                0x0000000008000c24                TIM1_BRK_TIM9_IRQHandler
                0x0000000008000c24                DMA2_Stream3_IRQHandler
                0x0000000008000c24                USART6_IRQHandler
                0x0000000008000c24                DMA2_Stream0_IRQHandler
                0x0000000008000c24                TIM4_IRQHandler
                0x0000000008000c24                I2C1_EV_IRQHandler
                0x0000000008000c24                DMA1_Stream6_IRQHandler
                0x0000000008000c24                DMA1_Stream1_IRQHandler
                0x0000000008000c24                TIM3_IRQHandler
                0x0000000008000c24                RCC_IRQHandler
                0x0000000008000c24                Default_Handler
                0x0000000008000c24                EXTI15_10_IRQHandler
                0x0000000008000c24                ADC_IRQHandler
                0x0000000008000c24                DMA1_Stream7_IRQHandler
                0x0000000008000c24                SPI5_IRQHandler
                0x0000000008000c24                TIM5_IRQHandler
                0x0000000008000c24                DMA2_Stream7_IRQHandler
                0x0000000008000c24                I2C3_EV_IRQHandler
                0x0000000008000c24                EXTI9_5_IRQHandler
                0x0000000008000c24                RTC_WKUP_IRQHandler
                0x0000000008000c24                SPI2_IRQHandler
                0x0000000008000c24                MemManage_Handler
                0x0000000008000c24                DMA1_Stream0_IRQHandler
                0x0000000008000c24                SVC_Handler
                0x0000000008000c24                EXTI4_IRQHandler
                0x0000000008000c24                WWDG_IRQHandler
                0x0000000008000c24                TIM2_IRQHandler
                0x0000000008000c24                OTG_FS_WKUP_IRQHandler
                0x0000000008000c24                TIM1_TRG_COM_TIM11_IRQHandler
                0x0000000008000c24                EXTI1_IRQHandler
                0x0000000008000c24                I2C2_ER_IRQHandler
                0x0000000008000c24                DMA2_Stream1_IRQHandler
                0x0000000008000c24                FLASH_IRQHandler
                0x0000000008000c24                DMA2_Stream4_IRQHandler
                0x0000000008000c24                BusFault_Handler
                0x0000000008000c24                OTG_FS_IRQHandler
                0x0000000008000c24                SPI3_IRQHandler
                0x0000000008000c24                DMA1_Stream4_IRQHandler
                0x0000000008000c24                I2C1_ER_IRQHandler
                0x0000000008000c24                DMA2_Stream6_IRQHandler
                0x0000000008000c24                DMA1_Stream3_IRQHandler
 .text.memset   0x0000000008000c26       0x10 C:/ST/STM32CubeIDE_1.12.0/STM32CubeIDE/plugins/com.st.stm32cube.ide.mcu.externaltools.gnu-tools-for-stm32.11.3.rel1.win32_1.1.1.202309131626/tools/bin/../lib/gcc/arm-none-eabi/11.3.1/../../../../arm-none-eabi/lib/thumb/v7e-m+fp/hard\libc_nano.a(libc_a-memset.o)
                0x0000000008000c26                memset
 *fill*         0x0000000008000c36        0x2 
 .text.__libc_init_array
                0x0000000008000c38       0x48 C:/ST/STM32CubeIDE_1.12.0/STM32CubeIDE/plugins/com.st.stm32cube.ide.mcu.externaltools.gnu-tools-for-stm32.11.3.rel1.win32_1.1.1.202309131626/tools/bin/../lib/gcc/arm-none-eabi/11.3.1/../../../../arm-none-eabi/lib/thumb/v7e-m+fp/hard\libc_nano.a(libc_a-init.o)
                0x0000000008000c38                __libc_init_array
 *(.glue_7)
 .glue_7        0x0000000008000c80        0x0 linker stubs
 *(.glue_7t)
 .glue_7t       0x0000000008000c80        0x0 linker stubs
 *(.eh_frame)
 .eh_frame      0x0000000008000c80        0x0 C:/ST/STM32CubeIDE_1.12.0/STM32CubeIDE/plugins/com.st.stm32cube.ide.mcu.externaltools.gnu-tools-for-stm32.11.3.rel1.win32_1.1.1.202309131626/tools/bin/../lib/gcc/arm-none-eabi/11.3.1/thumb/v7e-m+fp/hard/crtbegin.o
 *(.init)
 .init          0x0000000008000c80        0x4 C:/ST/STM32CubeIDE_1.12.0/STM32CubeIDE/plugins/com.st.stm32cube.ide.mcu.externaltools.gnu-tools-for-stm32.11.3.rel1.win32_1.1.1.202309131626/tools/bin/../lib/gcc/arm-none-eabi/11.3.1/thumb/v7e-m+fp/hard/crti.o
                0x0000000008000c80                _init
 .init          0x0000000008000c84        0x8 C:/ST/STM32CubeIDE_1.12.0/STM32CubeIDE/plugins/com.st.stm32cube.ide.mcu.externaltools.gnu-tools-for-stm32.11.3.rel1.win32_1.1.1.202309131626/tools/bin/../lib/gcc/arm-none-eabi/11.3.1/thumb/v7e-m+fp/hard/crtn.o
 *(.fini)
 .fini          0x0000000008000c8c        0x4 C:/ST/STM32CubeIDE_1.12.0/STM32CubeIDE/plugins/com.st.stm32cube.ide.mcu.externaltools.gnu-tools-for-stm32.11.3.rel1.win32_1.1.1.202309131626/tools/bin/../lib/gcc/arm-none-eabi/11.3.1/thumb/v7e-m+fp/hard/crti.o
                0x0000000008000c8c                _fini
 .fini          0x0000000008000c90        0x8 C:/ST/STM32CubeIDE_1.12.0/STM32CubeIDE/plugins/com.st.stm32cube.ide.mcu.externaltools.gnu-tools-for-stm32.11.3.rel1.win32_1.1.1.202309131626/tools/bin/../lib/gcc/arm-none-eabi/11.3.1/thumb/v7e-m+fp/hard/crtn.o
                0x0000000008000c98                . = ALIGN (0x4)
                0x0000000008000c98                _etext = .

.vfp11_veneer   0x0000000008000c98        0x0
 .vfp11_veneer  0x0000000008000c98        0x0 linker stubs

.v4_bx          0x0000000008000c98        0x0
 .v4_bx         0x0000000008000c98        0x0 linker stubs

.iplt           0x0000000008000c98        0x0
 .iplt          0x0000000008000c98        0x0 C:/ST/STM32CubeIDE_1.12.0/STM32CubeIDE/plugins/com.st.stm32cube.ide.mcu.externaltools.gnu-tools-for-stm32.11.3.rel1.win32_1.1.1.202309131626/tools/bin/../lib/gcc/arm-none-eabi/11.3.1/thumb/v7e-m+fp/hard/crtbegin.o

.rel.dyn        0x0000000008000c98        0x0
 .rel.iplt      0x0000000008000c98        0x0 C:/ST/STM32CubeIDE_1.12.0/STM32CubeIDE/plugins/com.st.stm32cube.ide.mcu.externaltools.gnu-tools-for-stm32.11.3.rel1.win32_1.1.1.202309131626/tools/bin/../lib/gcc/arm-none-eabi/11.3.1/thumb/v7e-m+fp/hard/crtbegin.o

.rodata         0x0000000008000c98        0x0
                0x0000000008000c98                . = ALIGN (0x4)
 *(.rodata)
 *(.rodata*)
                0x0000000008000c98                . = ALIGN (0x4)

.ARM.extab      0x0000000008000c98        0x0
                0x0000000008000c98                . = ALIGN (0x4)
 *(.ARM.extab* .gnu.linkonce.armextab.*)
                0x0000000008000c98                . = ALIGN (0x4)

.ARM            0x0000000008000c98        0x0
                0x0000000008000c98                . = ALIGN (0x4)
                0x0000000008000c98                __exidx_start = .
 *(.ARM.exidx*)
                0x0000000008000c98                __exidx_end = .
                0x0000000008000c98                . = ALIGN (0x4)

.preinit_array  0x0000000008000c98        0x0
                0x0000000008000c98                . = ALIGN (0x4)
                0x0000000008000c98                PROVIDE (__preinit_array_start = .)
 *(.preinit_array*)
                0x0000000008000c98                PROVIDE (__preinit_array_end = .)
                0x0000000008000c98                . = ALIGN (0x4)

.init_array     0x0000000008000c98        0x4
                0x0000000008000c98                . = ALIGN (0x4)
                0x0000000008000c98                PROVIDE (__init_array_start = .)
 *(SORT_BY_NAME(.init_array.*))
 *(.init_array*)
 .init_array    0x0000000008000c98        0x4 C:/ST/STM32CubeIDE_1.12.0/STM32CubeIDE/plugins/com.st.stm32cube.ide.mcu.externaltools.gnu-tools-for-stm32.11.3.rel1.win32_1.1.1.202309131626/tools/bin/../lib/gcc/arm-none-eabi/11.3.1/thumb/v7e-m+fp/hard/crtbegin.o
                0x0000000008000c9c                PROVIDE (__init_array_end = .)
                0x0000000008000c9c                . = ALIGN (0x4)

.fini_array     0x0000000008000c9c        0x4
                0x0000000008000c9c                . = ALIGN (0x4)
                [!provide]                        PROVIDE (__fini_array_start = .)
 *(SORT_BY_NAME(.fini_array.*))
 *(.fini_array*)
 .fini_array    0x0000000008000c9c        0x4 C:/ST/STM32CubeIDE_1.12.0/STM32CubeIDE/plugins/com.st.stm32cube.ide.mcu.externaltools.gnu-tools-for-stm32.11.3.rel1.win32_1.1.1.202309131626/tools/bin/../lib/gcc/arm-none-eabi/11.3.1/thumb/v7e-m+fp/hard/crtbegin.o
                [!provide]                        PROVIDE (__fini_array_end = .)
                0x0000000008000ca0                . = ALIGN (0x4)
                0x0000000008000ca0                _sidata = LOADADDR (.data)

.data           0x0000000020000000        0x0 load address 0x0000000008000ca0
                0x0000000020000000                . = ALIGN (0x4)
                0x0000000020000000                _sdata = .
 *(.data)
 *(.data*)
 *(.RamFunc)
 *(.RamFunc*)
                0x0000000020000000                . = ALIGN (0x4)
                0x0000000020000000                _edata = .

.igot.plt       0x0000000020000000        0x0 load address 0x0000000008000ca0
 .igot.plt      0x0000000020000000        0x0 C:/ST/STM32CubeIDE_1.12.0/STM32CubeIDE/plugins/com.st.stm32cube.ide.mcu.externaltools.gnu-tools-for-stm32.11.3.rel1.win32_1.1.1.202309131626/tools/bin/../lib/gcc/arm-none-eabi/11.3.1/thumb/v7e-m+fp/hard/crtbegin.o
                0x0000000020000000                . = ALIGN (0x4)

.bss            0x0000000020000000      0x1e8 load address 0x0000000008000ca0
                0x0000000020000000                _sbss = .
                0x0000000020000000                __bss_start__ = _sbss
 *(.bss)
 .bss           0x0000000020000000       0x1c C:/ST/STM32CubeIDE_1.12.0/STM32CubeIDE/plugins/com.st.stm32cube.ide.mcu.externaltools.gnu-tools-for-stm32.11.3.rel1.win32_1.1.1.202309131626/tools/bin/../lib/gcc/arm-none-eabi/11.3.1/thumb/v7e-m+fp/hard/crtbegin.o
 *(.bss*)
 .bss.rx_buffer1
                0x000000002000001c       0x6c ./Src/circular_buffer.o
                0x000000002000001c                rx_buffer1
 .bss.tx_buffer1
                0x0000000020000088       0x6c ./Src/circular_buffer.o
                0x0000000020000088                tx_buffer1
 .bss.rx_buffer2
                0x00000000200000f4       0x6c ./Src/circular_buffer.o
                0x00000000200000f4                rx_buffer2
 .bss.tx_buffer2
                0x0000000020000160       0x6c ./Src/circular_buffer.o
                0x0000000020000160                tx_buffer2
 .bss._rx_buffer1
                0x00000000200001cc        0x4 ./Src/circular_buffer.o
                0x00000000200001cc                _rx_buffer1
 .bss._tx_buffer1
                0x00000000200001d0        0x4 ./Src/circular_buffer.o
                0x00000000200001d0                _tx_buffer1
 .bss._rx_buffer2
                0x00000000200001d4        0x4 ./Src/circular_buffer.o
                0x00000000200001d4                _rx_buffer2
 .bss._tx_buffer2
                0x00000000200001d8        0x4 ./Src/circular_buffer.o
                0x00000000200001d8                _tx_buffer2
 .bss.btn_state
                0x00000000200001dc        0x1 ./Src/main.o
                0x00000000200001dc                btn_state
 *fill*         0x00000000200001dd        0x3 
 .bss.g_curr_tick
                0x00000000200001e0        0x4 ./Src/timebase.o
                0x00000000200001e0                g_curr_tick
 .bss.g_curr_tick_p
                0x00000000200001e4        0x4 ./Src/timebase.o
                0x00000000200001e4                g_curr_tick_p
 *(COMMON)
                0x00000000200001e8                . = ALIGN (0x4)
                0x00000000200001e8                _ebss = .
                0x00000000200001e8                __bss_end__ = _ebss

._user_heap_stack
                0x00000000200001e8      0x600 load address 0x0000000008000ca0
                0x00000000200001e8                . = ALIGN (0x8)
                [!provide]                        PROVIDE (end = .)
                0x00000000200001e8                PROVIDE (_end = .)
                0x00000000200003e8                . = (. + _Min_Heap_Size)
 *fill*         0x00000000200001e8      0x200 
                0x00000000200007e8                . = (. + _Min_Stack_Size)
 *fill*         0x00000000200003e8      0x400 
                0x00000000200007e8                . = ALIGN (0x8)

/DISCARD/
 libc.a(*)
 libm.a(*)
 libgcc.a(*)

.ARM.attributes
                0x0000000000000000       0x30
 *(.ARM.attributes)
 .ARM.attributes
                0x0000000000000000       0x1e C:/ST/STM32CubeIDE_1.12.0/STM32CubeIDE/plugins/com.st.stm32cube.ide.mcu.externaltools.gnu-tools-for-stm32.11.3.rel1.win32_1.1.1.202309131626/tools/bin/../lib/gcc/arm-none-eabi/11.3.1/thumb/v7e-m+fp/hard/crti.o
 .ARM.attributes
                0x000000000000001e       0x34 C:/ST/STM32CubeIDE_1.12.0/STM32CubeIDE/plugins/com.st.stm32cube.ide.mcu.externaltools.gnu-tools-for-stm32.11.3.rel1.win32_1.1.1.202309131626/tools/bin/../lib/gcc/arm-none-eabi/11.3.1/thumb/v7e-m+fp/hard/crtbegin.o
 .ARM.attributes
                0x0000000000000052       0x34 ./Src/FPU.o
 .ARM.attributes
                0x0000000000000086       0x34 ./Src/adc.o
 .ARM.attributes
                0x00000000000000ba       0x34 ./Src/bsp.o
 .ARM.attributes
                0x00000000000000ee       0x34 ./Src/circular_buffer.o
 .ARM.attributes
                0x0000000000000122       0x34 ./Src/dfplayer_lib.o
 .ARM.attributes
                0x0000000000000156       0x34 ./Src/main.o
 .ARM.attributes
                0x000000000000018a       0x34 ./Src/timebase.o
 .ARM.attributes
                0x00000000000001be       0x34 ./Src/uart.o
 .ARM.attributes
                0x00000000000001f2       0x21 ./Startup/startup_stm32f411retx.o
 .ARM.attributes
                0x0000000000000213       0x34 C:/ST/STM32CubeIDE_1.12.0/STM32CubeIDE/plugins/com.st.stm32cube.ide.mcu.externaltools.gnu-tools-for-stm32.11.3.rel1.win32_1.1.1.202309131626/tools/bin/../lib/gcc/arm-none-eabi/11.3.1/../../../../arm-none-eabi/lib/thumb/v7e-m+fp/hard\libc_nano.a(libc_a-memset.o)
 .ARM.attributes
                0x0000000000000247       0x34 C:/ST/STM32CubeIDE_1.12.0/STM32CubeIDE/plugins/com.st.stm32cube.ide.mcu.externaltools.gnu-tools-for-stm32.11.3.rel1.win32_1.1.1.202309131626/tools/bin/../lib/gcc/arm-none-eabi/11.3.1/../../../../arm-none-eabi/lib/thumb/v7e-m+fp/hard\libc_nano.a(libc_a-init.o)
 .ARM.attributes
                0x000000000000027b       0x1e C:/ST/STM32CubeIDE_1.12.0/STM32CubeIDE/plugins/com.st.stm32cube.ide.mcu.externaltools.gnu-tools-for-stm32.11.3.rel1.win32_1.1.1.202309131626/tools/bin/../lib/gcc/arm-none-eabi/11.3.1/thumb/v7e-m+fp/hard/crtn.o
OUTPUT(TEST7.elf elf32-littlearm)
LOAD linker stubs
LOAD C:/ST/STM32CubeIDE_1.12.0/STM32CubeIDE/plugins/com.st.stm32cube.ide.mcu.externaltools.gnu-tools-for-stm32.11.3.rel1.win32_1.1.1.202309131626/tools/bin/../lib/gcc/arm-none-eabi/11.3.1/../../../../arm-none-eabi/lib/thumb/v7e-m+fp/hard\libc.a
LOAD C:/ST/STM32CubeIDE_1.12.0/STM32CubeIDE/plugins/com.st.stm32cube.ide.mcu.externaltools.gnu-tools-for-stm32.11.3.rel1.win32_1.1.1.202309131626/tools/bin/../lib/gcc/arm-none-eabi/11.3.1/../../../../arm-none-eabi/lib/thumb/v7e-m+fp/hard\libm.a
LOAD C:/ST/STM32CubeIDE_1.12.0/STM32CubeIDE/plugins/com.st.stm32cube.ide.mcu.externaltools.gnu-tools-for-stm32.11.3.rel1.win32_1.1.1.202309131626/tools/bin/../lib/gcc/arm-none-eabi/11.3.1/thumb/v7e-m+fp/hard\libgcc.a

.comment        0x0000000000000000       0x43
 .comment       0x0000000000000000       0x43 C:/ST/STM32CubeIDE_1.12.0/STM32CubeIDE/plugins/com.st.stm32cube.ide.mcu.externaltools.gnu-tools-for-stm32.11.3.rel1.win32_1.1.1.202309131626/tools/bin/../lib/gcc/arm-none-eabi/11.3.1/thumb/v7e-m+fp/hard/crtbegin.o
                                         0x44 (size before relaxing)
 .comment       0x0000000000000043       0x44 ./Src/FPU.o
 .comment       0x0000000000000043       0x44 ./Src/adc.o
 .comment       0x0000000000000043       0x44 ./Src/bsp.o
 .comment       0x0000000000000043       0x44 ./Src/circular_buffer.o
 .comment       0x0000000000000043       0x44 ./Src/dfplayer_lib.o
 .comment       0x0000000000000043       0x44 ./Src/main.o
 .comment       0x0000000000000043       0x44 ./Src/timebase.o
 .comment       0x0000000000000043       0x44 ./Src/uart.o

.debug_info     0x0000000000000000     0x1d2b
 .debug_info    0x0000000000000000      0x249 ./Src/FPU.o
 .debug_info    0x0000000000000249      0x3fc ./Src/adc.o
 .debug_info    0x0000000000000645      0x333 ./Src/bsp.o
 .debug_info    0x0000000000000978      0x61d ./Src/circular_buffer.o
 .debug_info    0x0000000000000f95      0x23e ./Src/dfplayer_lib.o
 .debug_info    0x00000000000011d3      0x15f ./Src/main.o
 .debug_info    0x0000000000001332      0x1dd ./Src/timebase.o
 .debug_info    0x000000000000150f      0x7f9 ./Src/uart.o
 .debug_info    0x0000000000001d08       0x23 ./Startup/startup_stm32f411retx.o

.debug_abbrev   0x0000000000000000      0xa50
 .debug_abbrev  0x0000000000000000       0xb8 ./Src/FPU.o
 .debug_abbrev  0x00000000000000b8      0x107 ./Src/adc.o
 .debug_abbrev  0x00000000000001bf       0xd2 ./Src/bsp.o
 .debug_abbrev  0x0000000000000291      0x2a7 ./Src/circular_buffer.o
 .debug_abbrev  0x0000000000000538      0x10c ./Src/dfplayer_lib.o
 .debug_abbrev  0x0000000000000644       0xbe ./Src/main.o
 .debug_abbrev  0x0000000000000702      0x16c ./Src/timebase.o
 .debug_abbrev  0x000000000000086e      0x1d0 ./Src/uart.o
 .debug_abbrev  0x0000000000000a3e       0x12 ./Startup/startup_stm32f411retx.o

.debug_aranges  0x0000000000000000      0x260
 .debug_aranges
                0x0000000000000000       0x20 ./Src/FPU.o
 .debug_aranges
                0x0000000000000020       0x30 ./Src/adc.o
 .debug_aranges
                0x0000000000000050       0x40 ./Src/bsp.o
 .debug_aranges
                0x0000000000000090       0x98 ./Src/circular_buffer.o
 .debug_aranges
                0x0000000000000128       0x50 ./Src/dfplayer_lib.o
 .debug_aranges
                0x0000000000000178       0x20 ./Src/main.o
 .debug_aranges
                0x0000000000000198       0x40 ./Src/timebase.o
 .debug_aranges
                0x00000000000001d8       0x60 ./Src/uart.o
 .debug_aranges
                0x0000000000000238       0x28 ./Startup/startup_stm32f411retx.o

.debug_rnglists
                0x0000000000000000      0x1a3
 .debug_rnglists
                0x0000000000000000       0x13 ./Src/FPU.o
 .debug_rnglists
                0x0000000000000013       0x1f ./Src/adc.o
 .debug_rnglists
                0x0000000000000032       0x2b ./Src/bsp.o
 .debug_rnglists
                0x000000000000005d       0x71 ./Src/circular_buffer.o
 .debug_rnglists
                0x00000000000000ce       0x38 ./Src/dfplayer_lib.o
 .debug_rnglists
                0x0000000000000106       0x14 ./Src/main.o
 .debug_rnglists
                0x000000000000011a       0x2b ./Src/timebase.o
 .debug_rnglists
                0x0000000000000145       0x45 ./Src/uart.o
 .debug_rnglists
                0x000000000000018a       0x19 ./Startup/startup_stm32f411retx.o

.debug_macro    0x0000000000000000     0xf55d
 .debug_macro   0x0000000000000000       0xce ./Src/FPU.o
 .debug_macro   0x00000000000000ce      0xaba ./Src/FPU.o
 .debug_macro   0x0000000000000b88       0x28 ./Src/FPU.o
 .debug_macro   0x0000000000000bb0       0x28 ./Src/FPU.o
 .debug_macro   0x0000000000000bd8       0x22 ./Src/FPU.o
 .debug_macro   0x0000000000000bfa       0x8e ./Src/FPU.o
 .debug_macro   0x0000000000000c88       0x51 ./Src/FPU.o
 .debug_macro   0x0000000000000cd9      0x103 ./Src/FPU.o
 .debug_macro   0x0000000000000ddc       0x6a ./Src/FPU.o
 .debug_macro   0x0000000000000e46      0x1df ./Src/FPU.o
 .debug_macro   0x0000000000001025       0x1c ./Src/FPU.o
 .debug_macro   0x0000000000001041       0x22 ./Src/FPU.o
 .debug_macro   0x0000000000001063       0xd9 ./Src/FPU.o
 .debug_macro   0x000000000000113c     0x102d ./Src/FPU.o
 .debug_macro   0x0000000000002169      0x11f ./Src/FPU.o
 .debug_macro   0x0000000000002288     0xb953 ./Src/FPU.o
 .debug_macro   0x000000000000dbdb       0x6d ./Src/FPU.o
 .debug_macro   0x000000000000dc48      0x108 ./Src/adc.o
 .debug_macro   0x000000000000dd50       0xff ./Src/bsp.o
 .debug_macro   0x000000000000de4f       0x22 ./Src/bsp.o
 .debug_macro   0x000000000000de71      0x20c ./Src/circular_buffer.o
 .debug_macro   0x000000000000e07d       0x61 ./Src/circular_buffer.o
 .debug_macro   0x000000000000e0de       0x2a ./Src/circular_buffer.o
 .debug_macro   0x000000000000e108       0x43 ./Src/circular_buffer.o
 .debug_macro   0x000000000000e14b       0x34 ./Src/circular_buffer.o
 .debug_macro   0x000000000000e17f       0x16 ./Src/circular_buffer.o
 .debug_macro   0x000000000000e195       0x97 ./Src/circular_buffer.o
 .debug_macro   0x000000000000e22c      0x369 ./Src/circular_buffer.o
 .debug_macro   0x000000000000e595       0xfd ./Src/circular_buffer.o
 .debug_macro   0x000000000000e692       0x10 ./Src/circular_buffer.o
 .debug_macro   0x000000000000e6a2       0x16 ./Src/circular_buffer.o
 .debug_macro   0x000000000000e6b8       0x43 ./Src/circular_buffer.o
 .debug_macro   0x000000000000e6fb       0x34 ./Src/circular_buffer.o
 .debug_macro   0x000000000000e72f       0x10 ./Src/circular_buffer.o
 .debug_macro   0x000000000000e73f       0x58 ./Src/circular_buffer.o
 .debug_macro   0x000000000000e797       0x8e ./Src/circular_buffer.o
 .debug_macro   0x000000000000e825       0x1c ./Src/circular_buffer.o
 .debug_macro   0x000000000000e841      0x177 ./Src/circular_buffer.o
 .debug_macro   0x000000000000e9b8       0x16 ./Src/circular_buffer.o
 .debug_macro   0x000000000000e9ce       0x16 ./Src/circular_buffer.o
 .debug_macro   0x000000000000e9e4      0x147 ./Src/circular_buffer.o
 .debug_macro   0x000000000000eb2b       0x16 ./Src/circular_buffer.o
 .debug_macro   0x000000000000eb41       0x35 ./Src/circular_buffer.o
 .debug_macro   0x000000000000eb76       0x20 ./Src/circular_buffer.o
 .debug_macro   0x000000000000eb96       0x10 ./Src/circular_buffer.o
 .debug_macro   0x000000000000eba6      0x23c ./Src/dfplayer_lib.o
 .debug_macro   0x000000000000ede2       0x5b ./Src/dfplayer_lib.o
 .debug_macro   0x000000000000ee3d       0x94 ./Src/dfplayer_lib.o
 .debug_macro   0x000000000000eed1       0x57 ./Src/dfplayer_lib.o
 .debug_macro   0x000000000000ef28       0x82 ./Src/dfplayer_lib.o
 .debug_macro   0x000000000000efaa      0x22c ./Src/main.o
 .debug_macro   0x000000000000f1d6       0x88 ./Src/main.o
 .debug_macro   0x000000000000f25e      0x108 ./Src/timebase.o
 .debug_macro   0x000000000000f366      0x1f7 ./Src/uart.o

.debug_line     0x0000000000000000     0x3a40
 .debug_line    0x0000000000000000      0x539 ./Src/FPU.o
 .debug_line    0x0000000000000539      0x5a5 ./Src/adc.o
 .debug_line    0x0000000000000ade      0x5c1 ./Src/bsp.o
 .debug_line    0x000000000000109f      0xb74 ./Src/circular_buffer.o
 .debug_line    0x0000000000001c13      0x7e1 ./Src/dfplayer_lib.o
 .debug_line    0x00000000000023f4      0x77a ./Src/main.o
 .debug_line    0x0000000000002b6e      0x620 ./Src/timebase.o
 .debug_line    0x000000000000318e      0x837 ./Src/uart.o
 .debug_line    0x00000000000039c5       0x7b ./Startup/startup_stm32f411retx.o

.debug_str      0x0000000000000000    0x54363
 .debug_str     0x0000000000000000    0x4f9c3 ./Src/FPU.o
                                      0x4fb34 (size before relaxing)
 .debug_str     0x000000000004f9c3      0x24b ./Src/adc.o
                                      0x4fd06 (size before relaxing)
 .debug_str     0x000000000004fc0e       0xc4 ./Src/bsp.o
                                      0x4fcd3 (size before relaxing)
 .debug_str     0x000000000004fcd2     0x3ce2 ./Src/circular_buffer.o
                                      0x5386a (size before relaxing)
 .debug_str     0x00000000000539b4      0x2e3 ./Src/dfplayer_lib.o
                                      0x5396e (size before relaxing)
 .debug_str     0x0000000000053c97       0x56 ./Src/main.o
                                      0x538d2 (size before relaxing)
 .debug_str     0x0000000000053ced      0x13b ./Src/timebase.o
                                      0x4fc0b (size before relaxing)
 .debug_str     0x0000000000053e28      0x50c ./Src/uart.o
                                      0x53c0c (size before relaxing)
 .debug_str     0x0000000000054334       0x2f ./Startup/startup_stm32f411retx.o
                                         0x66 (size before relaxing)

.debug_frame    0x0000000000000000      0x6fc
 .debug_frame   0x0000000000000000       0x30 ./Src/FPU.o
 .debug_frame   0x0000000000000030       0x70 ./Src/adc.o
 .debug_frame   0x00000000000000a0       0xb0 ./Src/bsp.o
 .debug_frame   0x0000000000000150      0x250 ./Src/circular_buffer.o
 .debug_frame   0x00000000000003a0       0xdc ./Src/dfplayer_lib.o
 .debug_frame   0x000000000000047c       0x30 ./Src/main.o
 .debug_frame   0x00000000000004ac       0xb0 ./Src/timebase.o
 .debug_frame   0x000000000000055c      0x154 ./Src/uart.o
 .debug_frame   0x00000000000006b0       0x20 C:/ST/STM32CubeIDE_1.12.0/STM32CubeIDE/plugins/com.st.stm32cube.ide.mcu.externaltools.gnu-tools-for-stm32.11.3.rel1.win32_1.1.1.202309131626/tools/bin/../lib/gcc/arm-none-eabi/11.3.1/../../../../arm-none-eabi/lib/thumb/v7e-m+fp/hard\libc_nano.a(libc_a-memset.o)
 .debug_frame   0x00000000000006d0       0x2c C:/ST/STM32CubeIDE_1.12.0/STM32CubeIDE/plugins/com.st.stm32cube.ide.mcu.externaltools.gnu-tools-for-stm32.11.3.rel1.win32_1.1.1.202309131626/tools/bin/../lib/gcc/arm-none-eabi/11.3.1/../../../../arm-none-eabi/lib/thumb/v7e-m+fp/hard\libc_nano.a(libc_a-init.o)

.debug_line_str
                0x0000000000000000       0x5a
 .debug_line_str
                0x0000000000000000       0x5a ./Startup/startup_stm32f411retx.o
                                         0x72 (size before relaxing)
