../Src/circular_buffer.c:26:6:circular_buffer_init	4	static
../Src/circular_buffer.c:40:13:buff_store_char	24	static
../Src/circular_buffer.c:51:6:buffer_clear	16	static
../Src/circular_buffer.c:69:5:buffer_peek	16	static
../Src/circular_buffer.c:105:5:buffer_read	24	static
../Src/circular_buffer.c:147:6:buffer_write	24	static
../Src/circular_buffer.c:174:6:buffer_send_byte	32	static
../Src/circular_buffer.c:184:5:is_data	24	static
../Src/circular_buffer.c:199:13:get_first_char	16	static
../Src/circular_buffer.c:212:5:is_response	24	static
../Src/circular_buffer.c:237:6:get_string	24	static
../Src/circular_buffer.c:256:6:buffer_send_string	16	static
../Src/circular_buffer.c:266:6:slave_dev_uart_callback	16	static
../Src/circular_buffer.c:294:6:debug_uart_callback	16	static
../Src/circular_buffer.c:321:6:USART2_IRQHandler	8	static
../Src/circular_buffer.c:326:6:USART1_IRQHandler	8	static
